.\.venv\Scripts\python.exe : C:\repo\
agent\LLM-agents\.venv\lib\site-packa
ges\torch\optim\lr_scheduler.py:204: 
UserWarning: The epoch parameter in 
`scheduler.step()` was not necessary 
and is being deprecated where 
possible. Please use 
`scheduler.step()` to step the 
scheduler. During the deprecation, 
if epoch is different from None, the 
closed form is used instead of the 
new chainable form, where available. 
Please open an issue if you are 
unable to replicate your use case: ht
tps://github.com/pytorch/pytorch/issu
es/new/choose.
At line:1 char:1
+ .\.venv\Scripts\python.exe main.py 
> test_output.txt 2>&1
+ ~~~~~~~~~~~~~~~~~~~~~~~~~~~~~~~~~~~
~~~~~~~~~~~~~~~~~~~~~~
    + CategoryInfo          : NotSpe 
   cified: (C:\repo\agent\L...ues/n  
  ew/choose.:String) [], RemoteExc   
 eption
    + FullyQualifiedErrorId : Native 
   CommandError
 
  warnings.warn(EPOCH_DEPRECATION_WAR
NING, UserWarning)
Using device: cuda
Episode 0: Recon=30.1446, Pred=13.5602, Reward=-5.8621, Tau=1.5000, K=8
Episode 10: Recon=29.4377, Pred=13.2475, Reward=-5.7821, Tau=1.4985, K=8

--- [PBT] Selection Phase (Episode 20) ---
  Species Fitness: [-50.11559  -51.535355 -49.677605 -52.29866 ]
  [PBT] Mutated Species 3 from 2 (rate=0.01)
----------------------------------------
Episode 20: Recon=28.4571, Pred=13.6433, Reward=-5.7934, Tau=1.4970, K=8
Episode 30: Recon=20.3377, Pred=9.8089, Reward=-4.4850, Tau=1.4955, K=8

--- [PBT] Selection Phase (Episode 40) ---
  Species Fitness: [-44.62799  -44.896317 -43.298897 -45.104618]
  [PBT] Mutated Species 3 from 2 (rate=0.01)
----------------------------------------
Episode 40: Recon=22.7298, Pred=11.6070, Reward=-5.3268, Tau=1.4940, K=8
Episode 50: Recon=21.7435, Pred=12.5953, Reward=-5.9665, Tau=1.4925, K=8

--- [PBT] Selection Phase (Episode 60) ---
  Species Fitness: [-58.812855 -58.147346 -56.994125 -58.188747]
  [PBT] Mutated Species 0 from 2 (rate=0.01)
----------------------------------------
Episode 60: Recon=26.4128, Pred=16.7670, Reward=-7.9670, Tau=1.4910, K=8
Episode 70: Recon=24.3700, Pred=12.5191, Reward=-4.9144, Tau=1.4895, K=8

--- [PBT] Selection Phase (Episode 80) ---
  Species Fitness: [-51.077915 -52.115463 -50.430553 -52.2947  ]
  [PBT] Mutated Species 3 from 2 (rate=0.01)
----------------------------------------
Episode 80: Recon=24.4653, Pred=13.7226, Reward=-6.5385, Tau=1.4880, K=8
Episode 90: Recon=27.9764, Pred=16.2649, Reward=-8.8335, Tau=1.4866, K=8

--- [PBT] Selection Phase (Episode 100) ---
  Species Fitness: [-85.65283 -84.00079 -83.97661 -86.92213]
  [PBT] Mutated Species 3 from 2 (rate=0.01)
----------------------------------------
Episode 100: Recon=37.3518, Pred=24.5688, Reward=-14.0466, Tau=1.4851, K=8
  [Curriculum] K decreased to 7
Episode 110: Recon=50.4732, Pred=35.3770, Reward=-20.7427, Tau=1.4836, K=7

--- [PBT] Selection Phase (Episode 120) ---
  Species Fitness: [-205.69438 -198.11484 -200.078   -207.19072]
  [PBT] Mutated Species 3 from 1 (rate=0.01)
----------------------------------------
Episode 120: Recon=75.8810, Pred=55.6116, Reward=-34.0986, Tau=1.4821, K=7
Episode 130: Recon=96.7760, Pred=56.5758, Reward=-40.0408, Tau=1.4806, K=7

--- [PBT] Selection Phase (Episode 140) ---
  Species Fitness: [-363.34268 -347.86694 -349.19427 -364.14682]
  [PBT] Mutated Species 3 from 1 (rate=0.01)
----------------------------------------
Episode 140: Recon=116.2880, Pred=59.8618, Reward=-52.4377, Tau=1.4791, K=7
Episode 150: Recon=135.7058, Pred=51.9355, Reward=-59.2347, Tau=1.4777, K=7

--- [PBT] Selection Phase (Episode 160) ---
  Species Fitness: [-500.70932 -479.83914 -479.2538  -502.25833]
  [PBT] Mutated Species 3 from 2 (rate=0.01)
----------------------------------------
Episode 160: Recon=144.9451, Pred=37.1103, Reward=-68.5875, Tau=1.4762, K=7
Episode 170: Recon=169.4224, Pred=57.0253, Reward=-77.1284, Tau=1.4747, K=7

--- [PBT] Selection Phase (Episode 180) ---
  Species Fitness: [-645.63116 -616.78973 -623.8076  -653.5131 ]
  [PBT] Mutated Species 3 from 1 (rate=0.01)
----------------------------------------
Episode 180: Recon=181.1589, Pred=48.6617, Reward=-88.0298, Tau=1.4732, K=7
Episode 190: Recon=189.7578, Pred=20.2536, Reward=-82.8707, Tau=1.4718, K=7

--- [PBT] Selection Phase (Episode 200) ---
  Species Fitness: [-694.32715 -667.4135  -668.06616 -700.4996 ]
  [PBT] Mutated Species 3 from 1 (rate=0.01)
----------------------------------------
Episode 200: Recon=193.9595, Pred=13.5754, Reward=-89.1014, Tau=1.4703, K=7
Episode 210: Recon=209.3654, Pred=8.7792, Reward=-96.1172, Tau=1.4688, K=7

--- [PBT] Selection Phase (Episode 220) ---
  Species Fitness: [-768.3338  -744.7756  -754.7115  -795.49927]
  [PBT] Mutated Species 3 from 1 (rate=0.01)
----------------------------------------
Episode 220: Recon=212.6530, Pred=5.9255, Reward=-103.1850, Tau=1.4673, K=7
Episode 230: Recon=211.3842, Pred=4.1119, Reward=-105.9966, Tau=1.4659, K=7

--- [PBT] Selection Phase (Episode 240) ---
  Species Fitness: [-809.3165  -800.6526  -813.42615 -877.5398 ]
  [PBT] Mutated Species 3 from 1 (rate=0.01)
----------------------------------------
Episode 240: Recon=217.0588, Pred=2.9414, Reward=-113.0650, Tau=1.4644, K=7
Episode 250: Recon=211.6823, Pred=2.7355, Reward=-114.8772, Tau=1.4629, K=7

--- [PBT] Selection Phase (Episode 260) ---
  Species Fitness: [-824.0177  -831.5696  -838.046   -933.50336]
  [PBT] Mutated Species 3 from 0 (rate=0.01)
----------------------------------------
Episode 260: Recon=205.7687, Pred=2.4039, Reward=-118.2894, Tau=1.4615, K=7
Episode 270: Recon=155.3817, Pred=32.6440, Reward=-60.4621, Tau=1.4600, K=7

--- [PBT] Selection Phase (Episode 280) ---
  Species Fitness: [-511.50076 -527.8873  -537.5746  -605.3111 ]
  [PBT] Mutated Species 3 from 0 (rate=0.01)
----------------------------------------
Episode 280: Recon=135.9188, Pred=17.0790, Reward=-64.9984, Tau=1.4586, K=7
Episode 290: Recon=137.6294, Pred=12.5449, Reward=-67.7682, Tau=1.4571, K=7

--- [PBT] Selection Phase (Episode 300) ---
  Species Fitness: [-493.37366 -511.84552 -529.65137 -584.2972 ]
  [PBT] Mutated Species 3 from 0 (rate=0.01)
----------------------------------------
Episode 300: Recon=132.4880, Pred=8.8620, Reward=-70.6964, Tau=1.4556, K=7
Episode 310: Recon=141.8261, Pred=6.8017, Reward=-71.7035, Tau=1.4542, K=7

--- [PBT] Selection Phase (Episode 320) ---
  Species Fitness: [-506.87512 -521.94037 -540.56006 -615.8516 ]
  [PBT] Mutated Species 3 from 0 (rate=0.01)
----------------------------------------
Episode 320: Recon=136.4528, Pred=5.8126, Reward=-75.4756, Tau=1.4527, K=7
Episode 330: Recon=126.4778, Pred=5.1220, Reward=-72.4502, Tau=1.4513, K=7

--- [PBT] Selection Phase (Episode 340) ---
  Species Fitness: [-510.21066 -521.39056 -537.5002  -610.6054 ]
  [PBT] Mutated Species 3 from 0 (rate=0.01)
----------------------------------------
Episode 340: Recon=125.8066, Pred=5.3428, Reward=-74.8561, Tau=1.4498, K=7
Episode 350: Recon=115.2101, Pred=4.6018, Reward=-72.0494, Tau=1.4484, K=7

--- [PBT] Selection Phase (Episode 360) ---
  Species Fitness: [-506.78946 -513.8201  -523.3605  -592.2726 ]
  [PBT] Mutated Species 3 from 0 (rate=0.01)
----------------------------------------
Episode 360: Recon=113.8545, Pred=4.5732, Reward=-76.7900, Tau=1.4469, K=7
Episode 370: Recon=108.4529, Pred=3.7340, Reward=-73.9106, Tau=1.4455, K=7

--- [PBT] Selection Phase (Episode 380) ---
  Species Fitness: [-511.23514 -510.9267  -513.53937 -585.51117]
  [PBT] Mutated Species 3 from 1 (rate=0.01)
----------------------------------------
Episode 380: Recon=100.4786, Pred=4.2773, Reward=-77.1389, Tau=1.4440, K=7
Episode 390: Recon=182.9908, Pred=23.5403, Reward=-118.8355, Tau=1.4426, K=7

--- [PBT] Selection Phase (Episode 400) ---
  Species Fitness: [-761.1104 -761.8715 -751.1777 -894.853 ]
  [PBT] Mutated Species 3 from 2 (rate=0.01)
----------------------------------------
Episode 400: Recon=164.7893, Pred=12.1115, Reward=-123.8549, Tau=1.4412, K=7
Episode 410: Recon=192.4193, Pred=20.1812, Reward=-117.0542, Tau=1.4397, K=7

--- [PBT] Selection Phase (Episode 420) ---
  Species Fitness: [-815.00433 -811.8733  -815.4425  -948.61487]
  [PBT] Mutated Species 3 from 1 (rate=0.01)
----------------------------------------
Episode 420: Recon=173.2670, Pred=13.2054, Reward=-123.2021, Tau=1.4383, K=7
Episode 430: Recon=155.7628, Pred=9.5373, Reward=-127.6588, Tau=1.4368, K=7

--- [PBT] Selection Phase (Episode 440) ---
  Species Fitness: [-831.9447  -826.4782  -815.0218  -953.93427]
  [PBT] Mutated Species 3 from 2 (rate=0.01)
----------------------------------------
Episode 440: Recon=139.1752, Pred=4.0641, Reward=-130.9029, Tau=1.4354, K=7
Episode 450: Recon=206.3425, Pred=29.1872, Reward=-128.5277, Tau=1.4340, K=7

--- [PBT] Selection Phase (Episode 460) ---
  Species Fitness: [ -880.048    -863.22723  -864.01447 -1041.0619 ]
  [PBT] Mutated Species 3 from 1 (rate=0.01)
----------------------------------------
Episode 460: Recon=177.6367, Pred=20.5956, Reward=-132.4106, Tau=1.4325, K=7
Episode 470: Recon=184.5043, Pred=5.6309, Reward=-134.1838, Tau=1.4311, K=7

--- [PBT] Selection Phase (Episode 480) ---
  Species Fitness: [ -843.5172   -829.973    -815.60205 -1074.7764 ]
  [PBT] Mutated Species 3 from 2 (rate=0.01)
----------------------------------------
Episode 480: Recon=135.4043, Pred=2.6891, Reward=-133.9195, Tau=1.4297, K=7
Episode 490: Recon=216.8633, Pred=28.5571, Reward=-130.6929, Tau=1.4282, K=7

--- [PBT] Selection Phase (Episode 500) ---
  Species Fitness: [ -875.21246  -849.49225  -857.4232  -1082.5145 ]
  [PBT] Mutated Species 3 from 1 (rate=0.01)
----------------------------------------
Episode 500: Recon=176.6615, Pred=24.1933, Reward=-133.7355, Tau=1.4268, K=7
Episode 510: Recon=143.1608, Pred=5.1761, Reward=-135.7173, Tau=1.4254, K=7

--- [PBT] Selection Phase (Episode 520) ---
  Species Fitness: [ -843.83325  -818.052    -809.4207  -1015.8559 ]
  [PBT] Mutated Species 3 from 2 (rate=0.01)
----------------------------------------
Episode 520: Recon=108.3379, Pred=2.5743, Reward=-135.4050, Tau=1.4240, K=7
Episode 530: Recon=201.3299, Pred=26.2695, Reward=-129.5947, Tau=1.4225, K=7

--- [PBT] Selection Phase (Episode 540) ---
  Species Fitness: [ -864.2636   -834.37366  -838.1296  -1082.5472 ]
  [PBT] Mutated Species 3 from 1 (rate=0.01)
----------------------------------------
Episode 540: Recon=164.3781, Pred=18.0548, Reward=-133.5604, Tau=1.4211, K=7
Episode 550: Recon=142.7388, Pred=4.9103, Reward=-135.3934, Tau=1.4197, K=7

--- [PBT] Selection Phase (Episode 560) ---
  Species Fitness: [-837.0179  -826.1239  -808.57385 -997.7206 ]
  [PBT] Mutated Species 3 from 2 (rate=0.01)
----------------------------------------
Episode 560: Recon=89.1256, Pred=3.3160, Reward=-138.3442, Tau=1.4183, K=7
Episode 570: Recon=210.5172, Pred=21.5029, Reward=-134.0167, Tau=1.4169, K=7

--- [PBT] Selection Phase (Episode 580) ---
  Species Fitness: [ -866.9843  -855.9861  -861.3363 -1069.965 ]
  [PBT] Mutated Species 3 from 1 (rate=0.01)
----------------------------------------
Episode 580: Recon=154.7114, Pred=16.5748, Reward=-137.2450, Tau=1.4154, K=7
Episode 590: Recon=116.2972, Pred=6.2673, Reward=-139.4426, Tau=1.4140, K=7

--- [PBT] Selection Phase (Episode 600) ---
  Species Fitness: [-832.07074 -817.7582  -812.26447 -951.54486]
  [PBT] Mutated Species 3 from 2 (rate=0.01)
----------------------------------------
Episode 600: Recon=75.1569, Pred=4.0439, Reward=-139.1058, Tau=1.4126, K=7
  [Curriculum] K decreased to 6
Episode 610: Recon=191.5407, Pred=19.9160, Reward=-133.1614, Tau=1.4112, K=6

--- [PBT] Selection Phase (Episode 620) ---
  Species Fitness: [-854.578  -893.2765 -847.1718 -984.5328]
  [PBT] Mutated Species 3 from 2 (rate=0.01)
----------------------------------------
Episode 620: Recon=127.9345, Pred=15.5038, Reward=-135.1571, Tau=1.4098, K=6
Episode 630: Recon=135.1078, Pred=11.4658, Reward=-133.8770, Tau=1.4084, K=6

--- [PBT] Selection Phase (Episode 640) ---
  Species Fitness: [-856.39716 -887.02466 -843.85675 -908.04156]
  [PBT] Mutated Species 3 from 2 (rate=0.01)
----------------------------------------
Episode 640: Recon=102.3386, Pred=9.3304, Reward=-138.2458, Tau=1.4070, K=6
Episode 650: Recon=133.9046, Pred=6.7737, Reward=-136.8738, Tau=1.4056, K=6

--- [PBT] Selection Phase (Episode 660) ---
  Species Fitness: [-857.23846 -896.1906  -850.2798  -917.2256 ]
  [PBT] Mutated Species 3 from 2 (rate=0.01)
----------------------------------------
Episode 660: Recon=103.3939, Pred=7.1612, Reward=-142.0014, Tau=1.4041, K=6
Episode 670: Recon=119.6539, Pred=4.6459, Reward=-138.5334, Tau=1.4027, K=6

--- [PBT] Selection Phase (Episode 680) ---
  Species Fitness: [-851.41595 -889.5012  -843.4597  -899.1683 ]
  [PBT] Mutated Species 3 from 2 (rate=0.01)
----------------------------------------
Episode 680: Recon=93.5309, Pred=4.7606, Reward=-142.6434, Tau=1.4013, K=6
Episode 690: Recon=110.1931, Pred=3.1015, Reward=-135.9692, Tau=1.3999, K=6

--- [PBT] Selection Phase (Episode 700) ---
  Species Fitness: [-826.4445  -850.5573  -819.0995  -879.86615]
  [PBT] Mutated Species 3 from 2 (rate=0.01)
----------------------------------------
Episode 700: Recon=79.1903, Pred=2.7975, Reward=-137.1581, Tau=1.3985, K=6
Episode 710: Recon=106.2504, Pred=2.5476, Reward=-138.8830, Tau=1.3971, K=6

--- [PBT] Selection Phase (Episode 720) ---
  Species Fitness: [-818.86066 -828.64496 -812.18427 -883.38727]
  [PBT] Mutated Species 3 from 2 (rate=0.01)
----------------------------------------
Episode 720: Recon=73.7159, Pred=2.4399, Reward=-137.9185, Tau=1.3957, K=6
Episode 730: Recon=100.8404, Pred=2.2942, Reward=-136.8684, Tau=1.3944, K=6

--- [PBT] Selection Phase (Episode 740) ---
  Species Fitness: [-819.7424  -819.30145 -808.81323 -886.4209 ]
  [PBT] Mutated Species 3 from 2 (rate=0.01)
----------------------------------------
Episode 740: Recon=70.8201, Pred=2.2018, Reward=-139.4779, Tau=1.3930, K=6
Episode 750: Recon=94.2019, Pred=2.2400, Reward=-138.2801, Tau=1.3916, K=6

--- [PBT] Selection Phase (Episode 760) ---
  Species Fitness: [-812.43866 -809.5731  -803.36115 -882.0511 ]
  [PBT] Mutated Species 3 from 2 (rate=0.01)
----------------------------------------
Episode 760: Recon=64.4771, Pred=1.9911, Reward=-137.8952, Tau=1.3902, K=6
Episode 770: Recon=78.9028, Pred=1.9188, Reward=-137.8968, Tau=1.3888, K=6

--- [PBT] Selection Phase (Episode 780) ---
  Species Fitness: [-807.79956 -801.97253 -796.0961  -869.1957 ]
  [PBT] Mutated Species 3 from 2 (rate=0.01)
----------------------------------------
Episode 780: Recon=57.8962, Pred=1.9317, Reward=-138.5258, Tau=1.3874, K=6
Episode 790: Recon=79.4892, Pred=1.8798, Reward=-138.0981, Tau=1.3860, K=6

--- [PBT] Selection Phase (Episode 800) ---
  Species Fitness: [-812.01434 -804.6476  -806.1988  -878.94653]
  [PBT] Mutated Species 3 from 1 (rate=0.01)
----------------------------------------
Episode 800: Recon=58.1432, Pred=2.0357, Reward=-140.9018, Tau=1.3846, K=6
Episode 810: Recon=245.9532, Pred=28.6225, Reward=-140.4399, Tau=1.3832, K=6

--- [PBT] Selection Phase (Episode 820) ---
  Species Fitness: [ -868.8226   -875.81964  -841.34924 -1153.0358 ]
  [PBT] Mutated Species 3 from 2 (rate=0.01)
----------------------------------------
Episode 820: Recon=139.2828, Pred=18.0808, Reward=-140.0938, Tau=1.3819, K=6
Episode 830: Recon=150.0806, Pred=6.1705, Reward=-137.9706, Tau=1.3805, K=6

--- [PBT] Selection Phase (Episode 840) ---
  Species Fitness: [ -836.5964  -857.0736  -811.4491 -1003.3736]
  [PBT] Mutated Species 3 from 2 (rate=0.01)
----------------------------------------
Episode 840: Recon=81.8431, Pred=4.9170, Reward=-137.5088, Tau=1.3791, K=6
Episode 850: Recon=87.2920, Pred=3.4740, Reward=-137.6661, Tau=1.3777, K=6

--- [PBT] Selection Phase (Episode 860) ---
  Species Fitness: [-810.7878  -810.85565 -803.0209  -899.0611 ]
  [PBT] Mutated Species 3 from 2 (rate=0.01)
----------------------------------------
Episode 860: Recon=56.6984, Pred=2.5147, Reward=-137.0334, Tau=1.3763, K=6
Episode 870: Recon=73.6744, Pred=2.1028, Reward=-139.5186, Tau=1.3750, K=6

--- [PBT] Selection Phase (Episode 880) ---
  Species Fitness: [-807.0089  -802.42865 -797.5802  -870.327  ]
  [PBT] Mutated Species 3 from 2 (rate=0.01)
----------------------------------------
Episode 880: Recon=54.5201, Pred=1.8766, Reward=-138.5629, Tau=1.3736, K=6
Episode 890: Recon=76.6047, Pred=1.7265, Reward=-139.6246, Tau=1.3722, K=6

--- [PBT] Selection Phase (Episode 900) ---
  Species Fitness: [-805.7042  -797.96295 -798.2537  -879.4687 ]
  [PBT] Mutated Species 3 from 1 (rate=0.01)
----------------------------------------
Episode 900: Recon=50.8661, Pred=1.7176, Reward=-137.8094, Tau=1.3708, K=6
Episode 910: Recon=206.3858, Pred=26.7730, Reward=-141.9589, Tau=1.3695, K=6

--- [PBT] Selection Phase (Episode 920) ---
  Species Fitness: [ -836.3655  -888.5426  -828.2612 -1087.421 ]
  [PBT] Mutated Species 3 from 2 (rate=0.01)
----------------------------------------
Episode 920: Recon=104.5471, Pred=15.1516, Reward=-143.0582, Tau=1.3681, K=6
Episode 930: Recon=116.7295, Pred=8.0388, Reward=-139.2000, Tau=1.3667, K=6

--- [PBT] Selection Phase (Episode 940) ---
  Species Fitness: [-831.0265  -858.36584 -818.5529  -941.1006 ]
  [PBT] Mutated Species 3 from 2 (rate=0.01)
----------------------------------------
Episode 940: Recon=64.2734, Pred=6.2901, Reward=-141.3974, Tau=1.3654, K=6
Episode 950: Recon=81.4062, Pred=4.3655, Reward=-140.6087, Tau=1.3640, K=6

--- [PBT] Selection Phase (Episode 960) ---
  Species Fitness: [-810.56335 -810.34296 -805.7804  -897.6307 ]
  [PBT] Mutated Species 3 from 2 (rate=0.01)
----------------------------------------
Episode 960: Recon=51.3009, Pred=2.7410, Reward=-141.8861, Tau=1.3626, K=6
Episode 970: Recon=66.8349, Pred=1.8944, Reward=-140.8127, Tau=1.3613, K=6

--- [PBT] Selection Phase (Episode 980) ---
  Species Fitness: [-806.8163 -800.8397 -801.0024 -872.2326]
  [PBT] Mutated Species 3 from 1 (rate=0.01)
----------------------------------------
Episode 980: Recon=46.0823, Pred=1.5663, Reward=-141.9756, Tau=1.3599, K=6
Episode 990: Recon=199.8178, Pred=26.4963, Reward=-143.4870, Tau=1.3585, K=6

--- [PBT] Selection Phase (Episode 1000) ---
  Species Fitness: [ -831.4401  -887.1867  -824.0043 -1100.6309]
  [PBT] Mutated Species 3 from 2 (rate=0.01)
----------------------------------------
Episode 1000: Recon=106.8250, Pred=14.4382, Reward=-141.9196, Tau=1.3572, K=6

==================================================
PERIODIC EVALUATION (Episode 1000)
==================================================
Avg Reconstruction Loss: 180.8717
Avg Prediction Loss: 273.6810
Used 16/16 symbols
Top Symbols: [(np.int64(13), 1659), (np.int64(15), 1612), (np.int64(11), 1582), (np.int64(12), 1565), (np.int64(0), 1559)]
Episode 1010: Recon=153.2460, Pred=8.0215, Reward=-142.1823, Tau=1.3558, K=6

--- [PBT] Selection Phase (Episode 1020) ---
  Species Fitness: [-839.32587 -874.8018  -825.0468  -966.2567 ]
  [PBT] Mutated Species 3 from 2 (rate=0.01)
----------------------------------------
Episode 1020: Recon=63.7193, Pred=6.4788, Reward=-141.2404, Tau=1.3545, K=6
Episode 1030: Recon=71.6418, Pred=4.8206, Reward=-141.8267, Tau=1.3531, K=6

--- [PBT] Selection Phase (Episode 1040) ---
  Species Fitness: [-810.52496 -811.56305 -804.45917 -887.3111 ]
  [PBT] Mutated Species 3 from 2 (rate=0.01)
----------------------------------------
Episode 1040: Recon=45.1355, Pred=2.6526, Reward=-143.2938, Tau=1.3518, K=6
Episode 1050: Recon=60.9875, Pred=2.0320, Reward=-142.2256, Tau=1.3504, K=6

--- [PBT] Selection Phase (Episode 1060) ---
  Species Fitness: [-808.2621  -803.65    -801.71704 -871.48846]
  [PBT] Mutated Species 3 from 2 (rate=0.01)
----------------------------------------
Episode 1060: Recon=43.5931, Pred=1.6087, Reward=-143.1232, Tau=1.3491, K=6
Episode 1070: Recon=55.8605, Pred=1.5960, Reward=-142.9940, Tau=1.3477, K=6

--- [PBT] Selection Phase (Episode 1080) ---
  Species Fitness: [-806.5422 -799.3507 -800.8407 -868.4872]
  [PBT] Mutated Species 3 from 1 (rate=0.01)
----------------------------------------
Episode 1080: Recon=40.4975, Pred=1.5141, Reward=-144.1100, Tau=1.3464, K=6
Episode 1090: Recon=197.1914, Pred=28.3778, Reward=-143.7962, Tau=1.3450, K=6

--- [PBT] Selection Phase (Episode 1100) ---
  Species Fitness: [ -835.8404   -875.52637  -816.7343  -1088.0681 ]
  [PBT] Mutated Species 3 from 2 (rate=0.01)
----------------------------------------
Episode 1100: Recon=95.3609, Pred=16.1870, Reward=-143.7697, Tau=1.3437, K=6
  [Curriculum] K decreased to 5
Episode 1110: Recon=205.8984, Pred=7.2489, Reward=-143.5762, Tau=1.3423, K=5

--- [PBT] Selection Phase (Episode 1120) ---
  Species Fitness: [-1049.0201   -853.89685  -843.5517  -1005.34973]
  [PBT] Mutated Species 0 from 2 (rate=0.01)
----------------------------------------
Episode 1120: Recon=114.4109, Pred=6.1044, Reward=-143.4707, Tau=1.3410, K=5
Episode 1130: Recon=217.4126, Pred=63.3459, Reward=-61.8834, Tau=1.3397, K=5

--- [PBT] Selection Phase (Episode 1140) ---
  Species Fitness: [-696.67065 -581.66284 -570.0009  -579.0561 ]
  [PBT] Mutated Species 0 from 2 (rate=0.01)
----------------------------------------
Episode 1140: Recon=192.8125, Pred=52.4170, Reward=-73.5471, Tau=1.3383, K=5
Episode 1150: Recon=151.3076, Pred=38.7222, Reward=-65.1047, Tau=1.3370, K=5

--- [PBT] Selection Phase (Episode 1160) ---
  Species Fitness: [-645.8235  -500.55392 -512.25183 -497.34128]
  [PBT] Mutated Species 0 from 3 (rate=0.01)
----------------------------------------
Episode 1160: Recon=143.3780, Pred=38.2330, Reward=-77.9381, Tau=1.3356, K=5
Episode 1170: Recon=143.7184, Pred=29.2227, Reward=-76.7846, Tau=1.3343, K=5

--- [PBT] Selection Phase (Episode 1180) ---
  Species Fitness: [-650.95215 -534.8254  -527.99475 -536.5706 ]
  [PBT] Mutated Species 0 from 2 (rate=0.01)
----------------------------------------
Episode 1180: Recon=114.5172, Pred=23.5293, Reward=-85.0769, Tau=1.3330, K=5
Episode 1190: Recon=144.2539, Pred=16.1790, Reward=-66.9475, Tau=1.3316, K=5

--- [PBT] Selection Phase (Episode 1200) ---
  Species Fitness: [-600.60486 -467.41595 -466.46902 -455.62567]
  [PBT] Mutated Species 0 from 3 (rate=0.01)
----------------------------------------
Episode 1200: Recon=119.5574, Pred=10.0760, Reward=-71.4096, Tau=1.3303, K=5
Episode 1210: Recon=108.7691, Pred=7.3309, Reward=-76.2128, Tau=1.3290, K=5

--- [PBT] Selection Phase (Episode 1220) ---
  Species Fitness: [-585.73895 -507.90125 -500.39267 -520.0821 ]
  [PBT] Mutated Species 0 from 2 (rate=0.01)
----------------------------------------
Episode 1220: Recon=94.6385, Pred=6.6041, Reward=-84.3042, Tau=1.3276, K=5
Episode 1230: Recon=125.9218, Pred=5.2475, Reward=-70.2114, Tau=1.3263, K=5

--- [PBT] Selection Phase (Episode 1240) ---
  Species Fitness: [-596.97595 -470.7707  -467.81784 -459.03595]
  [PBT] Mutated Species 0 from 3 (rate=0.01)
----------------------------------------
Episode 1240: Recon=105.9184, Pred=4.5551, Reward=-74.1896, Tau=1.3250, K=5
Episode 1250: Recon=77.7819, Pred=8.0134, Reward=-83.2175, Tau=1.3237, K=5

--- [PBT] Selection Phase (Episode 1260) ---
  Species Fitness: [-574.07874 -508.1744  -506.79584 -523.41736]
  [PBT] Mutated Species 0 from 2 (rate=0.01)
----------------------------------------
Episode 1260: Recon=73.1115, Pred=4.1628, Reward=-87.0567, Tau=1.3223, K=5
Episode 1270: Recon=127.1078, Pred=7.6169, Reward=-72.9845, Tau=1.3210, K=5

--- [PBT] Selection Phase (Episode 1280) ---
  Species Fitness: [-624.758   -500.56274 -489.60486 -471.0547 ]
  [PBT] Mutated Species 0 from 3 (rate=0.01)
----------------------------------------
Episode 1280: Recon=104.6806, Pred=5.5108, Reward=-76.9755, Tau=1.3197, K=5
Episode 1290: Recon=72.8512, Pred=5.6101, Reward=-90.5516, Tau=1.3184, K=5

--- [PBT] Selection Phase (Episode 1300) ---
  Species Fitness: [-594.75714 -531.2326  -526.9082  -544.09424]
  [PBT] Mutated Species 0 from 2 (rate=0.01)
----------------------------------------
Episode 1300: Recon=52.1913, Pred=2.5802, Reward=-93.3711, Tau=1.3171, K=5
Episode 1310: Recon=105.7425, Pred=6.5481, Reward=-70.5515, Tau=1.3157, K=5

--- [PBT] Selection Phase (Episode 1320) ---
  Species Fitness: [-592.1765  -458.39984 -461.88202 -442.67456]
  [PBT] Mutated Species 0 from 3 (rate=0.01)
----------------------------------------
Episode 1320: Recon=90.0954, Pred=6.9835, Reward=-74.4593, Tau=1.3144, K=5
Episode 1330: Recon=65.8486, Pred=4.8044, Reward=-91.1764, Tau=1.3131, K=5

--- [PBT] Selection Phase (Episode 1340) ---
  Species Fitness: [-590.70074 -521.63495 -523.8683  -539.5849 ]
  [PBT] Mutated Species 0 from 1 (rate=0.01)
----------------------------------------
Episode 1340: Recon=45.4160, Pred=2.3632, Reward=-93.7053, Tau=1.3118, K=5
Episode 1350: Recon=98.5838, Pred=6.9503, Reward=-44.8263, Tau=1.3105, K=5

--- [PBT] Selection Phase (Episode 1360) ---
  Species Fitness: [-437.55814 -317.1484  -315.25726 -324.5394 ]
  [PBT] Mutated Species 0 from 2 (rate=0.01)
----------------------------------------
Episode 1360: Recon=64.7503, Pred=6.5026, Reward=-47.6498, Tau=1.3092, K=5
Episode 1370: Recon=114.7953, Pred=17.7670, Reward=-70.8148, Tau=1.3079, K=5

--- [PBT] Selection Phase (Episode 1380) ---
  Species Fitness: [-570.3614  -450.37653 -458.3606  -424.81906]
  [PBT] Mutated Species 0 from 3 (rate=0.01)
----------------------------------------
Episode 1380: Recon=90.6450, Pred=10.1872, Reward=-75.7633, Tau=1.3066, K=5
Episode 1390: Recon=66.7280, Pred=4.6351, Reward=-93.9475, Tau=1.3053, K=5

--- [PBT] Selection Phase (Episode 1400) ---
  Species Fitness: [-610.46484 -544.40234 -543.18225 -556.23755]
  [PBT] Mutated Species 0 from 2 (rate=0.01)
----------------------------------------
Episode 1400: Recon=45.3322, Pred=3.1174, Reward=-96.1023, Tau=1.3039, K=5
Episode 1410: Recon=78.1728, Pred=5.0595, Reward=-64.5576, Tau=1.3026, K=5

--- [PBT] Selection Phase (Episode 1420) ---
  Species Fitness: [-503.8506  -404.36313 -416.80157 -404.67957]
  [PBT] Mutated Species 0 from 1 (rate=0.01)
----------------------------------------
Episode 1420: Recon=54.9961, Pred=3.8242, Reward=-65.8639, Tau=1.3013, K=5
Episode 1430: Recon=71.0755, Pred=9.8798, Reward=-47.1828, Tau=1.3000, K=5

--- [PBT] Selection Phase (Episode 1440) ---
  Species Fitness: [-399.5466  -299.65576 -301.16983 -301.65918]
  [PBT] Mutated Species 0 from 1 (rate=0.01)
----------------------------------------
Episode 1440: Recon=48.3192, Pred=6.0611, Reward=-49.5787, Tau=1.2987, K=5
Episode 1450: Recon=45.5699, Pred=4.8525, Reward=-50.6083, Tau=1.2974, K=5

--- [PBT] Selection Phase (Episode 1460) ---
  Species Fitness: [-370.5586  -296.38147 -297.5711  -300.34583]
  [PBT] Mutated Species 0 from 1 (rate=0.01)
----------------------------------------
Episode 1460: Recon=40.0072, Pred=3.6535, Reward=-53.3057, Tau=1.2961, K=5
Episode 1470: Recon=42.6856, Pred=3.1454, Reward=-55.4874, Tau=1.2948, K=5

--- [PBT] Selection Phase (Episode 1480) ---
  Species Fitness: [-371.24405 -308.7716  -308.90228 -313.57443]
  [PBT] Mutated Species 0 from 1 (rate=0.01)
----------------------------------------
Episode 1480: Recon=35.1293, Pred=2.6728, Reward=-56.3426, Tau=1.2936, K=5
Episode 1490: Recon=34.5245, Pred=2.3721, Reward=-54.6206, Tau=1.2923, K=5

--- [PBT] Selection Phase (Episode 1500) ---
  Species Fitness: [-357.19843 -310.1065  -308.4938  -314.51843]
  [PBT] Mutated Species 0 from 2 (rate=0.01)
----------------------------------------
Episode 1500: Recon=30.0662, Pred=2.3597, Reward=-55.7041, Tau=1.2910, K=5
Episode 1510: Recon=97.1601, Pred=10.1814, Reward=-66.2143, Tau=1.2897, K=5

--- [PBT] Selection Phase (Episode 1520) ---
  Species Fitness: [-495.47693 -399.4137  -403.59012 -379.19672]
  [PBT] Mutated Species 0 from 3 (rate=0.01)
----------------------------------------
Episode 1520: Recon=61.8136, Pred=5.5119, Reward=-66.4258, Tau=1.2884, K=5
Episode 1530: Recon=98.2797, Pred=10.3389, Reward=-91.8387, Tau=1.2871, K=5

--- [PBT] Selection Phase (Episode 1540) ---
  Species Fitness: [-641.1099 -519.6323 -518.8256 -539.0062]
  [PBT] Mutated Species 0 from 2 (rate=0.01)
----------------------------------------
Episode 1540: Recon=63.3435, Pred=6.4149, Reward=-93.4077, Tau=1.2858, K=5
Episode 1550: Recon=71.2339, Pred=5.1232, Reward=-67.0804, Tau=1.2845, K=5

--- [PBT] Selection Phase (Episode 1560) ---
  Species Fitness: [-507.2544  -403.94653 -416.26923 -406.1227 ]
  [PBT] Mutated Species 0 from 1 (rate=0.01)
----------------------------------------
Episode 1560: Recon=53.9862, Pred=3.4167, Reward=-67.6205, Tau=1.2832, K=5
Episode 1570: Recon=58.5263, Pred=8.5301, Reward=-55.2373, Tau=1.2820, K=5

--- [PBT] Selection Phase (Episode 1580) ---
  Species Fitness: [-411.6684  -327.37436 -332.6485  -329.9941 ]
  [PBT] Mutated Species 0 from 1 (rate=0.01)
----------------------------------------
Episode 1580: Recon=37.5685, Pred=4.5584, Reward=-56.1964, Tau=1.2807, K=5
Episode 1590: Recon=47.0344, Pred=3.3500, Reward=-55.8492, Tau=1.2794, K=5

--- [PBT] Selection Phase (Episode 1600) ---
  Species Fitness: [-381.21158 -318.33054 -315.91864 -317.37842]
  [PBT] Mutated Species 0 from 2 (rate=0.01)
----------------------------------------
Episode 1600: Recon=31.8359, Pred=2.4343, Reward=-56.0133, Tau=1.2781, K=5
  [Curriculum] K decreased to 4
Episode 1610: Recon=119.6332, Pred=10.3150, Reward=-66.4997, Tau=1.2768, K=4

--- [PBT] Selection Phase (Episode 1620) ---
  Species Fitness: [-509.07352 -441.55902 -444.08063 -376.77985]
  [PBT] Mutated Species 0 from 3 (rate=0.01)
----------------------------------------
Episode 1620: Recon=78.0966, Pred=6.2171, Reward=-67.0597, Tau=1.2756, K=4
Episode 1630: Recon=112.9255, Pred=10.4682, Reward=-92.5284, Tau=1.2743, K=4

--- [PBT] Selection Phase (Episode 1640) ---
  Species Fitness: [-615.73145 -590.0964  -543.0721  -535.5602 ]
  [PBT] Mutated Species 0 from 3 (rate=0.01)
----------------------------------------
Episode 1640: Recon=69.4645, Pred=6.4187, Reward=-92.6257, Tau=1.2730, K=4
Episode 1650: Recon=65.5942, Pred=4.2323, Reward=-94.8553, Tau=1.2717, K=4

--- [PBT] Selection Phase (Episode 1660) ---
  Species Fitness: [-587.7022  -575.07074 -549.72394 -551.2633 ]
  [PBT] Mutated Species 0 from 2 (rate=0.01)
----------------------------------------
Episode 1660: Recon=45.6801, Pred=3.0531, Reward=-95.9457, Tau=1.2705, K=4
Episode 1670: Recon=80.7942, Pred=8.9903, Reward=-68.0317, Tau=1.2692, K=4

--- [PBT] Selection Phase (Episode 1680) ---
  Species Fitness: [-505.26    -419.17328 -433.72287 -417.15958]
  [PBT] Mutated Species 0 from 3 (rate=0.01)
----------------------------------------
Episode 1680: Recon=45.7965, Pred=5.2676, Reward=-68.9905, Tau=1.2679, K=4
Episode 1690: Recon=56.8835, Pred=7.6229, Reward=-95.1924, Tau=1.2667, K=4

--- [PBT] Selection Phase (Episode 1700) ---
  Species Fitness: [-571.54724 -561.99744 -546.68384 -545.64264]
  [PBT] Mutated Species 0 from 3 (rate=0.01)
----------------------------------------
Episode 1700: Recon=39.2284, Pred=4.1962, Reward=-99.6894, Tau=1.2654, K=4
Episode 1710: Recon=39.6606, Pred=2.7336, Reward=-98.2426, Tau=1.2641, K=4

--- [PBT] Selection Phase (Episode 1720) ---
  Species Fitness: [-574.14136 -561.87726 -553.938   -556.96576]
  [PBT] Mutated Species 0 from 2 (rate=0.01)
----------------------------------------
Episode 1720: Recon=30.9304, Pred=2.4313, Reward=-98.3865, Tau=1.2629, K=4
Episode 1730: Recon=59.2727, Pred=6.9073, Reward=-66.9045, Tau=1.2616, K=4

--- [PBT] Selection Phase (Episode 1740) ---
  Species Fitness: [-465.98514 -400.4287  -409.40204 -405.32376]
  [PBT] Mutated Species 0 from 1 (rate=0.01)
----------------------------------------
Episode 1740: Recon=37.5901, Pred=3.7727, Reward=-66.8159, Tau=1.2603, K=4
Episode 1750: Recon=89.8636, Pred=3.7067, Reward=-56.6974, Tau=1.2591, K=4

--- [PBT] Selection Phase (Episode 1760) ---
  Species Fitness: [-481.86917 -344.22794 -328.8594  -335.6359 ]
  [PBT] Mutated Species 0 from 2 (rate=0.01)
----------------------------------------
Episode 1760: Recon=54.1822, Pred=2.8501, Reward=-56.3891, Tau=1.2578, K=4
Episode 1770: Recon=46.4019, Pred=3.8565, Reward=-66.6012, Tau=1.2566, K=4

--- [PBT] Selection Phase (Episode 1780) ---
  Species Fitness: [-431.03732 -376.04422 -379.40277 -374.74475]
  [PBT] Mutated Species 0 from 3 (rate=0.01)
----------------------------------------
Episode 1780: Recon=30.5379, Pred=3.0650, Reward=-67.0156, Tau=1.2553, K=4
Episode 1790: Recon=52.5626, Pred=12.2623, Reward=-96.4744, Tau=1.2540, K=4

--- [PBT] Selection Phase (Episode 1800) ---
  Species Fitness: [-557.23755 -554.6653  -538.8794  -539.8817 ]
  [PBT] Mutated Species 0 from 2 (rate=0.01)
----------------------------------------
Episode 1800: Recon=34.9489, Pred=6.9544, Reward=-99.4569, Tau=1.2528, K=4
Episode 1810: Recon=36.1077, Pred=4.8270, Reward=-66.8327, Tau=1.2515, K=4

--- [PBT] Selection Phase (Episode 1820) ---
  Species Fitness: [-426.0186  -397.87595 -401.8452  -396.3752 ]
  [PBT] Mutated Species 0 from 3 (rate=0.01)
----------------------------------------
Episode 1820: Recon=27.1904, Pred=3.9870, Reward=-66.8099, Tau=1.2503, K=4
Episode 1830: Recon=39.1649, Pred=10.6617, Reward=-96.8098, Tau=1.2490, K=4

--- [PBT] Selection Phase (Episode 1840) ---
  Species Fitness: [-554.771   -546.71185 -537.05023 -538.7135 ]
  [PBT] Mutated Species 0 from 2 (rate=0.01)
----------------------------------------
Episode 1840: Recon=30.4769, Pred=5.9849, Reward=-97.9457, Tau=1.2478, K=4
Episode 1850: Recon=31.3931, Pred=6.0994, Reward=-67.0679, Tau=1.2465, K=4

--- [PBT] Selection Phase (Episode 1860) ---
  Species Fitness: [-417.6223 -395.7068 -398.6136 -394.4834]
  [PBT] Mutated Species 0 from 3 (rate=0.01)
----------------------------------------
Episode 1860: Recon=23.4138, Pred=4.4378, Reward=-66.2608, Tau=1.2453, K=4
Episode 1870: Recon=39.2523, Pred=12.9674, Reward=-96.4255, Tau=1.2440, K=4

--- [PBT] Selection Phase (Episode 1880) ---
  Species Fitness: [-554.059  -541.4929 -533.7739 -536.1933]
  [PBT] Mutated Species 0 from 2 (rate=0.01)
----------------------------------------
Episode 1880: Recon=30.5488, Pred=6.9200, Reward=-98.5402, Tau=1.2428, K=4
Episode 1890: Recon=35.5182, Pred=6.3970, Reward=-66.6426, Tau=1.2416, K=4

--- [PBT] Selection Phase (Episode 1900) ---
  Species Fitness: [-420.62192 -395.7549  -399.3687  -395.63083]
  [PBT] Mutated Species 0 from 3 (rate=0.01)
----------------------------------------
Episode 1900: Recon=24.0767, Pred=3.7721, Reward=-67.1646, Tau=1.2403, K=4
Episode 1910: Recon=35.6134, Pred=15.8927, Reward=-97.9520, Tau=1.2391, K=4

--- [PBT] Selection Phase (Episode 1920) ---
  Species Fitness: [-549.5228  -540.8811  -534.08044 -536.2101 ]
  [PBT] Mutated Species 0 from 2 (rate=0.01)
----------------------------------------
Episode 1920: Recon=27.4173, Pred=6.5088, Reward=-99.1466, Tau=1.2378, K=4
Episode 1930: Recon=29.8393, Pred=7.7283, Reward=-66.8824, Tau=1.2366, K=4

--- [PBT] Selection Phase (Episode 1940) ---
  Species Fitness: [-414.81784 -394.29984 -396.2312  -394.60852]
  [PBT] Mutated Species 0 from 1 (rate=0.01)
----------------------------------------
Episode 1940: Recon=21.6340, Pred=4.0361, Reward=-66.8126, Tau=1.2354, K=4
Episode 1950: Recon=67.4363, Pred=3.9638, Reward=-56.2069, Tau=1.2341, K=4

--- [PBT] Selection Phase (Episode 1960) ---
  Species Fitness: [-420.84677 -338.56006 -329.3112  -334.08737]
  [PBT] Mutated Species 0 from 2 (rate=0.01)
----------------------------------------
Episode 1960: Recon=35.6556, Pred=3.2020, Reward=-56.7792, Tau=1.2329, K=4
Episode 1970: Recon=33.8922, Pred=3.4482, Reward=-68.4104, Tau=1.2317, K=4

--- [PBT] Selection Phase (Episode 1980) ---
  Species Fitness: [-408.11862 -372.52692 -373.38937 -372.84137]
  [PBT] Mutated Species 0 from 1 (rate=0.01)
----------------------------------------
Episode 1980: Recon=23.6353, Pred=2.9700, Reward=-67.9670, Tau=1.2304, K=4
Episode 1990: Recon=76.5499, Pred=4.0950, Reward=-56.9949, Tau=1.2292, K=4

--- [PBT] Selection Phase (Episode 2000) ---
  Species Fitness: [-432.10205 -342.42834 -328.04346 -332.90524]
  [PBT] Mutated Species 0 from 2 (rate=0.01)
----------------------------------------
Episode 2000: Recon=38.5180, Pred=2.7469, Reward=-57.5830, Tau=1.2280, K=4

==================================================
PERIODIC EVALUATION (Episode 2000)
==================================================
Avg Reconstruction Loss: 197.2603
Avg Prediction Loss: 114.4785
Used 16/16 symbols
Top Symbols: [(np.int64(13), 1688), (np.int64(15), 1659), (np.int64(12), 1658), (np.int64(5), 1615), (np.int64(7), 1604)]
Hub Agents: {23: 4, 7: 1, 11: 4, 15: 2, 19: 1}
Episode 2010: Recon=34.0475, Pred=3.3423, Reward=-68.2865, Tau=1.2267, K=4

--- [PBT] Selection Phase (Episode 2020) ---
  Species Fitness: [-406.1995  -373.76065 -374.56708 -372.47894]
  [PBT] Mutated Species 0 from 3 (rate=0.01)
----------------------------------------
Episode 2020: Recon=22.5228, Pred=2.5384, Reward=-67.8287, Tau=1.2255, K=4
Episode 2030: Recon=47.4330, Pred=13.9323, Reward=-95.9161, Tau=1.2243, K=4

--- [PBT] Selection Phase (Episode 2040) ---
  Species Fitness: [-536.17676 -525.841   -520.8017  -520.01904]
  [PBT] Mutated Species 0 from 3 (rate=0.01)
----------------------------------------
Episode 2040: Recon=31.7786, Pred=10.1029, Reward=-95.8897, Tau=1.2231, K=4
Episode 2050: Recon=32.5622, Pred=7.5261, Reward=-98.9518, Tau=1.2218, K=4

--- [PBT] Selection Phase (Episode 2060) ---
  Species Fitness: [-561.8782  -552.3685  -548.57574 -552.24316]
  [PBT] Mutated Species 0 from 2 (rate=0.01)
----------------------------------------
Episode 2060: Recon=26.9718, Pred=4.4878, Reward=-99.5050, Tau=1.2206, K=4
Episode 2070: Recon=33.9953, Pred=6.9283, Reward=-67.4827, Tau=1.2194, K=4

--- [PBT] Selection Phase (Episode 2080) ---
  Species Fitness: [-421.4451  -396.1764  -399.93417 -397.32626]
  [PBT] Mutated Species 0 from 1 (rate=0.01)
----------------------------------------
Episode 2080: Recon=22.3890, Pred=4.7158, Reward=-67.5134, Tau=1.2182, K=4
Episode 2090: Recon=77.4170, Pred=3.7052, Reward=-56.7885, Tau=1.2170, K=4

--- [PBT] Selection Phase (Episode 2100) ---
  Species Fitness: [-451.48132 -336.04852 -330.4366  -335.48703]
  [PBT] Mutated Species 0 from 2 (rate=0.01)
----------------------------------------
Episode 2100: Recon=42.4609, Pred=3.3428, Reward=-57.6267, Tau=1.2157, K=4
  [Curriculum] K decreased to 3
Episode 2110: Recon=69.6046, Pred=4.0053, Reward=-68.4280, Tau=1.2145, K=3

--- [PBT] Selection Phase (Episode 2120) ---
  Species Fitness: [-423.50052 -387.1102  -383.45514 -430.89905]
  [PBT] Mutated Species 3 from 2 (rate=0.01)
----------------------------------------
Episode 2120: Recon=40.2648, Pred=3.2115, Reward=-67.4972, Tau=1.2133, K=3
Episode 2130: Recon=85.8245, Pred=8.1647, Reward=-44.3095, Tau=1.2121, K=3

--- [PBT] Selection Phase (Episode 2140) ---
  Species Fitness: [-317.4461  -291.2941  -294.10928 -311.04224]
  [PBT] Mutated Species 0 from 1 (rate=0.01)
----------------------------------------
Episode 2140: Recon=35.2128, Pred=3.9781, Reward=-44.3470, Tau=1.2109, K=3
Episode 2150: Recon=94.2232, Pred=7.1567, Reward=-37.7572, Tau=1.2097, K=3

--- [PBT] Selection Phase (Episode 2160) ---
  Species Fitness: [-375.57397 -236.48152 -225.58968 -248.7741 ]
  [PBT] Mutated Species 0 from 2 (rate=0.01)
----------------------------------------
Episode 2160: Recon=56.7019, Pred=4.2374, Reward=-38.1743, Tau=1.2085, K=3
Episode 2170: Recon=52.3613, Pred=4.6131, Reward=-46.4184, Tau=1.2073, K=3

--- [PBT] Selection Phase (Episode 2180) ---
  Species Fitness: [-318.92752 -293.02036 -272.3897  -282.1272 ]
  [PBT] Mutated Species 0 from 2 (rate=0.01)
----------------------------------------
Episode 2180: Recon=40.4416, Pred=6.0737, Reward=-50.7895, Tau=1.2061, K=3
Episode 2190: Recon=36.0901, Pred=6.2089, Reward=-54.6708, Tau=1.2049, K=3

--- [PBT] Selection Phase (Episode 2200) ---
  Species Fitness: [-332.7992  -312.80386 -305.13837 -314.1571 ]
  [PBT] Mutated Species 0 from 2 (rate=0.01)
----------------------------------------
Episode 2200: Recon=27.4211, Pred=4.0972, Reward=-56.7132, Tau=1.2036, K=3
Episode 2210: Recon=27.4826, Pred=4.1549, Reward=-59.5994, Tau=1.2024, K=3

--- [PBT] Selection Phase (Episode 2220) ---
  Species Fitness: [-341.6266  -325.13434 -324.65717 -333.23874]
  [PBT] Mutated Species 0 from 2 (rate=0.01)
----------------------------------------
Episode 2220: Recon=22.0751, Pred=2.4452, Reward=-59.0097, Tau=1.2012, K=3
Episode 2230: Recon=20.7303, Pred=1.7557, Reward=-59.6706, Tau=1.2000, K=3

--- [PBT] Selection Phase (Episode 2240) ---
  Species Fitness: [-337.314   -327.11008 -328.15338 -334.73718]
  [PBT] Mutated Species 0 from 1 (rate=0.01)
----------------------------------------
Episode 2240: Recon=17.0884, Pred=1.6683, Reward=-60.6877, Tau=1.1988, K=3
Episode 2250: Recon=69.2453, Pred=4.2558, Reward=-51.5584, Tau=1.1976, K=3

--- [PBT] Selection Phase (Episode 2260) ---
  Species Fitness: [-423.90457 -296.1819  -292.63583 -299.98523]
  [PBT] Mutated Species 0 from 2 (rate=0.01)
----------------------------------------
Episode 2260: Recon=48.3919, Pred=2.4816, Reward=-52.3153, Tau=1.1964, K=3
Episode 2270: Recon=30.5689, Pred=3.6004, Reward=-60.3170, Tau=1.1952, K=3

--- [PBT] Selection Phase (Episode 2280) ---
  Species Fitness: [-360.9713  -328.94318 -326.81268 -334.68475]
  [PBT] Mutated Species 0 from 2 (rate=0.01)
----------------------------------------
Episode 2280: Recon=18.2745, Pred=2.3185, Reward=-60.8331, Tau=1.1941, K=3
Episode 2290: Recon=18.5144, Pred=1.8796, Reward=-60.8299, Tau=1.1929, K=3

--- [PBT] Selection Phase (Episode 2300) ---
  Species Fitness: [-341.29706 -329.55008 -329.20288 -335.02963]
  [PBT] Mutated Species 0 from 2 (rate=0.01)
----------------------------------------
Episode 2300: Recon=17.0631, Pred=1.8741, Reward=-60.2423, Tau=1.1917, K=3
Episode 2310: Recon=19.2447, Pred=2.1120, Reward=-60.2132, Tau=1.1905, K=3

--- [PBT] Selection Phase (Episode 2320) ---
  Species Fitness: [-340.40814 -329.65936 -330.2145  -335.86447]
  [PBT] Mutated Species 0 from 1 (rate=0.01)
----------------------------------------
Episode 2320: Recon=17.1316, Pred=2.0367, Reward=-60.9929, Tau=1.1893, K=3
Episode 2330: Recon=57.4751, Pred=4.7859, Reward=-52.1375, Tau=1.1881, K=3

--- [PBT] Selection Phase (Episode 2340) ---
  Species Fitness: [-414.7236  -295.5212  -294.9565  -298.13846]
  [PBT] Mutated Species 0 from 2 (rate=0.01)
----------------------------------------
Episode 2340: Recon=45.6880, Pred=2.9242, Reward=-52.7723, Tau=1.1869, K=3
Episode 2350: Recon=25.7697, Pred=4.1648, Reward=-59.8225, Tau=1.1857, K=3

--- [PBT] Selection Phase (Episode 2360) ---
  Species Fitness: [-356.38602 -327.64584 -328.22687 -334.1959 ]
  [PBT] Mutated Species 0 from 1 (rate=0.01)
----------------------------------------
Episode 2360: Recon=17.6307, Pred=2.6088, Reward=-59.9819, Tau=1.1845, K=3
Episode 2370: Recon=54.0563, Pred=4.7335, Reward=-52.1710, Tau=1.1833, K=3

--- [PBT] Selection Phase (Episode 2380) ---
  Species Fitness: [-396.81302 -296.78613 -293.22226 -296.67136]
  [PBT] Mutated Species 0 from 2 (rate=0.01)
----------------------------------------
Episode 2380: Recon=40.4522, Pred=3.4263, Reward=-52.7297, Tau=1.1822, K=3
Episode 2390: Recon=23.2854, Pred=3.6148, Reward=-60.4664, Tau=1.1810, K=3

--- [PBT] Selection Phase (Episode 2400) ---
  Species Fitness: [-353.93433 -328.69983 -328.92703 -332.99664]
  [PBT] Mutated Species 0 from 1 (rate=0.01)
----------------------------------------
Episode 2400: Recon=18.2266, Pred=2.6027, Reward=-60.6878, Tau=1.1798, K=3
Episode 2410: Recon=47.4806, Pred=4.8816, Reward=-52.5507, Tau=1.1786, K=3

--- [PBT] Selection Phase (Episode 2420) ---
  Species Fitness: [-383.76978 -295.82166 -293.65125 -295.7667 ]
  [PBT] Mutated Species 0 from 2 (rate=0.01)
----------------------------------------
Episode 2420: Recon=37.5626, Pred=3.5247, Reward=-52.8226, Tau=1.1774, K=3
Episode 2430: Recon=22.4784, Pred=3.4088, Reward=-60.8419, Tau=1.1763, K=3

--- [PBT] Selection Phase (Episode 2440) ---
  Species Fitness: [-354.65543 -328.99365 -329.33005 -333.1912 ]
  [PBT] Mutated Species 0 from 1 (rate=0.01)
----------------------------------------
Episode 2440: Recon=18.3553, Pred=2.5805, Reward=-61.1595, Tau=1.1751, K=3
Episode 2450: Recon=42.2512, Pred=4.4556, Reward=-52.5502, Tau=1.1739, K=3

--- [PBT] Selection Phase (Episode 2460) ---
  Species Fitness: [-368.9224  -293.45804 -293.0542  -294.55048]
  [PBT] Mutated Species 0 from 2 (rate=0.01)
----------------------------------------
Episode 2460: Recon=33.4297, Pred=3.2799, Reward=-52.3709, Tau=1.1727, K=3
Episode 2470: Recon=22.5674, Pred=3.5116, Reward=-60.8706, Tau=1.1716, K=3

--- [PBT] Selection Phase (Episode 2480) ---
  Species Fitness: [-354.14304 -328.21277 -328.89304 -332.8936 ]
  [PBT] Mutated Species 0 from 1 (rate=0.01)
----------------------------------------
Episode 2480: Recon=19.2021, Pred=2.7187, Reward=-61.1591, Tau=1.1704, K=3
Episode 2490: Recon=46.6342, Pred=4.7771, Reward=-52.3559, Tau=1.1692, K=3

--- [PBT] Selection Phase (Episode 2500) ---
  Species Fitness: [-368.30624 -293.66953 -293.09854 -295.42728]
  [PBT] Mutated Species 0 from 2 (rate=0.01)
----------------------------------------
Episode 2500: Recon=31.7958, Pred=3.6619, Reward=-52.0125, Tau=1.1681, K=3
Episode 2510: Recon=22.4645, Pred=3.1835, Reward=-61.0787, Tau=1.1669, K=3

--- [PBT] Selection Phase (Episode 2520) ---
  Species Fitness: [-351.07492 -329.05695 -329.38535 -333.91562]
  [PBT] Mutated Species 0 from 1 (rate=0.01)
----------------------------------------
Episode 2520: Recon=18.2015, Pred=2.4609, Reward=-61.6476, Tau=1.1657, K=3
Episode 2530: Recon=39.5373, Pred=4.3969, Reward=-51.9441, Tau=1.1646, K=3

--- [PBT] Selection Phase (Episode 2540) ---
  Species Fitness: [-354.4478  -292.2732  -290.97235 -293.6126 ]
  [PBT] Mutated Species 0 from 2 (rate=0.01)
----------------------------------------
Episode 2540: Recon=28.8903, Pred=3.5139, Reward=-51.9321, Tau=1.1634, K=3
Episode 2550: Recon=20.5218, Pred=3.0669, Reward=-60.7889, Tau=1.1622, K=3

--- [PBT] Selection Phase (Episode 2560) ---
  Species Fitness: [-347.32382 -328.80173 -328.01154 -332.67227]
  [PBT] Mutated Species 0 from 2 (rate=0.01)
----------------------------------------
Episode 2560: Recon=17.4077, Pred=2.4740, Reward=-61.2829, Tau=1.1611, K=3
Episode 2570: Recon=16.6016, Pred=2.1937, Reward=-61.1244, Tau=1.1599, K=3

--- [PBT] Selection Phase (Episode 2580) ---
  Species Fitness: [-339.55026 -332.37967 -332.25146 -335.54675]
  [PBT] Mutated Species 0 from 2 (rate=0.01)
----------------------------------------
Episode 2580: Recon=15.4983, Pred=1.9827, Reward=-61.8009, Tau=1.1587, K=3
Episode 2590: Recon=15.7963, Pred=2.0621, Reward=-61.3987, Tau=1.1576, K=3

--- [PBT] Selection Phase (Episode 2600) ---
  Species Fitness: [-337.965   -332.48703 -332.27325 -335.65836]
  [PBT] Mutated Species 0 from 2 (rate=0.01)
----------------------------------------
Episode 2600: Recon=14.8754, Pred=2.0602, Reward=-61.6128, Tau=1.1564, K=3
  [Curriculum] K decreased to 2
Episode 2610: Recon=23.9456, Pred=1.9738, Reward=-60.6389, Tau=1.1553, K=2

--- [PBT] Selection Phase (Episode 2620) ---
  Species Fitness: [-350.53726 -332.10507 -336.25778 -339.42233]
  [PBT] Mutated Species 0 from 1 (rate=0.01)
----------------------------------------
Episode 2620: Recon=17.3543, Pred=1.9570, Reward=-61.5060, Tau=1.1541, K=2
Episode 2630: Recon=52.9768, Pred=4.6075, Reward=-52.0232, Tau=1.1530, K=2

--- [PBT] Selection Phase (Episode 2640) ---
  Species Fitness: [-375.4446  -294.13794 -296.44077 -295.66583]
  [PBT] Mutated Species 0 from 1 (rate=0.01)
----------------------------------------
Episode 2640: Recon=32.5309, Pred=3.2001, Reward=-52.1512, Tau=1.1518, K=2
Episode 2650: Recon=33.6947, Pred=2.3486, Reward=-53.4138, Tau=1.1507, K=2

--- [PBT] Selection Phase (Episode 2660) ---
  Species Fitness: [-344.5742  -288.65295 -287.31082 -287.8948 ]
  [PBT] Mutated Species 0 from 2 (rate=0.01)
----------------------------------------
Episode 2660: Recon=25.3534, Pred=2.0527, Reward=-52.2176, Tau=1.1495, K=2
Episode 2670: Recon=26.7653, Pred=4.2465, Reward=-60.7724, Tau=1.1484, K=2

--- [PBT] Selection Phase (Episode 2680) ---
  Species Fitness: [-355.50955 -328.5522  -329.62573 -333.1742 ]
  [PBT] Mutated Species 0 from 1 (rate=0.01)
----------------------------------------
Episode 2680: Recon=17.8634, Pred=2.6742, Reward=-61.7918, Tau=1.1472, K=2
Episode 2690: Recon=49.3256, Pred=3.6984, Reward=-52.4551, Tau=1.1461, K=2

--- [PBT] Selection Phase (Episode 2700) ---
  Species Fitness: [-367.21762 -292.8102  -295.0722  -293.69922]
  [PBT] Mutated Species 0 from 1 (rate=0.01)
----------------------------------------
Episode 2700: Recon=28.9265, Pred=3.5283, Reward=-52.1191, Tau=1.1449, K=2
Episode 2710: Recon=28.2071, Pred=3.2023, Reward=-52.1441, Tau=1.1438, K=2

--- [PBT] Selection Phase (Episode 2720) ---
  Species Fitness: [-330.02548 -287.23257 -286.78424 -287.37183]
  [PBT] Mutated Species 0 from 2 (rate=0.01)
----------------------------------------
Episode 2720: Recon=21.5595, Pred=2.2562, Reward=-52.8337, Tau=1.1426, K=2
Episode 2730: Recon=23.4437, Pred=4.2462, Reward=-60.8519, Tau=1.1415, K=2

--- [PBT] Selection Phase (Episode 2740) ---
  Species Fitness: [-347.77686 -328.00897 -328.18524 -331.10797]
  [PBT] Mutated Species 0 from 1 (rate=0.01)
----------------------------------------
Episode 2740: Recon=16.6987, Pred=2.9547, Reward=-61.0140, Tau=1.1403, K=2
Episode 2750: Recon=51.8347, Pred=3.1406, Reward=-52.4027, Tau=1.1392, K=2

--- [PBT] Selection Phase (Episode 2760) ---
  Species Fitness: [-358.85065 -292.965   -294.47217 -292.18573]
  [PBT] Mutated Species 0 from 3 (rate=0.01)
----------------------------------------
Episode 2760: Recon=24.0004, Pred=2.9964, Reward=-53.1970, Tau=1.1381, K=2
Episode 2770: Recon=80.5446, Pred=11.3035, Reward=-80.5486, Tau=1.1369, K=2

--- [PBT] Selection Phase (Episode 2780) ---
  Species Fitness: [-516.6666  -434.1718  -435.70654 -434.68484]
  [PBT] Mutated Species 0 from 1 (rate=0.01)
----------------------------------------
Episode 2780: Recon=46.1470, Pred=6.6881, Reward=-79.6846, Tau=1.1358, K=2
Episode 2790: Recon=50.6482, Pred=6.4827, Reward=-52.7579, Tau=1.1347, K=2

--- [PBT] Selection Phase (Episode 2800) ---
  Species Fitness: [-379.5699  -311.703   -308.8086  -309.40048]
  [PBT] Mutated Species 0 from 2 (rate=0.01)
----------------------------------------
Episode 2800: Recon=27.7122, Pred=3.3674, Reward=-52.5456, Tau=1.1335, K=2
Episode 2810: Recon=24.7949, Pred=3.8711, Reward=-61.2853, Tau=1.1324, K=2

--- [PBT] Selection Phase (Episode 2820) ---
  Species Fitness: [-351.7836  -332.7799  -330.90762 -333.91052]
  [PBT] Mutated Species 0 from 2 (rate=0.01)
----------------------------------------
Episode 2820: Recon=16.9156, Pred=2.7000, Reward=-61.2846, Tau=1.1313, K=2
Episode 2830: Recon=17.3119, Pred=2.3877, Reward=-61.6101, Tau=1.1301, K=2

--- [PBT] Selection Phase (Episode 2840) ---
  Species Fitness: [-339.57257 -333.75943 -333.39896 -335.70663]
  [PBT] Mutated Species 0 from 2 (rate=0.01)
----------------------------------------
Episode 2840: Recon=15.5567, Pred=2.1660, Reward=-61.3945, Tau=1.1290, K=2
Episode 2850: Recon=17.2398, Pred=2.2288, Reward=-60.8926, Tau=1.1279, K=2

--- [PBT] Selection Phase (Episode 2860) ---
  Species Fitness: [-338.71786 -332.77258 -332.89426 -334.79376]
  [PBT] Mutated Species 0 from 1 (rate=0.01)
----------------------------------------
Episode 2860: Recon=14.9230, Pred=2.0294, Reward=-61.6636, Tau=1.1267, K=2
Episode 2870: Recon=51.4431, Pred=5.3226, Reward=-52.5249, Tau=1.1256, K=2

--- [PBT] Selection Phase (Episode 2880) ---
  Species Fitness: [-355.50208 -295.4331  -301.24142 -296.63412]
  [PBT] Mutated Species 0 from 1 (rate=0.01)
----------------------------------------
Episode 2880: Recon=25.9293, Pred=4.0095, Reward=-52.2407, Tau=1.1245, K=2
Episode 2890: Recon=23.6160, Pred=3.0532, Reward=-53.0351, Tau=1.1234, K=2

--- [PBT] Selection Phase (Episode 2900) ---
  Species Fitness: [-314.40988 -287.0287  -287.97034 -287.48404]
  [PBT] Mutated Species 0 from 1 (rate=0.01)
----------------------------------------
Episode 2900: Recon=19.3293, Pred=2.0369, Reward=-52.5246, Tau=1.1222, K=2
Episode 2910: Recon=34.0610, Pred=1.8566, Reward=-52.4419, Tau=1.1211, K=2

--- [PBT] Selection Phase (Episode 2920) ---
  Species Fitness: [-328.74307 -287.36053 -285.25482 -285.20038]
  [PBT] Mutated Species 0 from 3 (rate=0.01)
----------------------------------------
Episode 2920: Recon=19.0241, Pred=1.7752, Reward=-52.9197, Tau=1.1200, K=2
Episode 2930: Recon=76.7764, Pred=11.4321, Reward=-78.8252, Tau=1.1189, K=2

--- [PBT] Selection Phase (Episode 2940) ---
  Species Fitness: [-525.10583 -437.8188  -435.04153 -437.10947]
  [PBT] Mutated Species 0 from 2 (rate=0.01)
----------------------------------------
Episode 2940: Recon=50.8803, Pred=8.0990, Reward=-82.0070, Tau=1.1178, K=2
Episode 2950: Recon=28.4897, Pred=7.0556, Reward=-61.2636, Tau=1.1166, K=2

--- [PBT] Selection Phase (Episode 2960) ---
  Species Fitness: [-373.06284 -352.375   -347.51764 -352.79245]
  [PBT] Mutated Species 0 from 2 (rate=0.01)
----------------------------------------
Episode 2960: Recon=17.4422, Pred=3.8844, Reward=-60.8406, Tau=1.1155, K=2
Episode 2970: Recon=18.1209, Pred=2.7793, Reward=-61.8328, Tau=1.1144, K=2

--- [PBT] Selection Phase (Episode 2980) ---
  Species Fitness: [-343.70166 -337.01657 -335.8944  -338.12964]
  [PBT] Mutated Species 0 from 2 (rate=0.01)
----------------------------------------
Episode 2980: Recon=14.1970, Pred=2.0356, Reward=-62.3187, Tau=1.1133, K=2
Episode 2990: Recon=15.2556, Pred=2.1084, Reward=-61.8286, Tau=1.1122, K=2
Training log saved to training_log.json
Training complete.
Avg Reconstruction Loss: 181.5151
Avg Prediction Loss: 121.5593
Used 16/16 symbols
Top Symbols: [(np.int64(15), 1853), (np.int64(12), 1714), (np.int64(13), 1654), (np.int64(11), 1606), (np.int64(5), 1604)]
Hub Agents: {23: 4, 3: 2, 2: 1, 7: 4, 6: 1, 11: 2, 10: 1, 15: 4, 14: 1, 19: 2, 18: 1, 22: 1}
Swarm model saved as swarm.pth

Attempting LLM interpretation (provider: local)...
Using Local LLM: google/gemma-3n-e4b at http://localhost:1234/v1/chat/completions

==================================================
LLM BRIDGE: Testing connection (local)...
LLM connected successfully!
Using device: cuda

Requesting LLM interpretation...

==================================================
LLM INTERPRETATION:
==================================================
## Interpretation of Multi-Agent Communication Patterns:

1. **Communication Structure:** The observed patterns suggest a rudimentary form of sequential communication, with some agents exhibiting more structured sequences than others. This points towards the emergence of a basic protocol where message order carries meaning, though not uniformly across all agents. 

2. **Specialization/Role Differentiation:**  The attention patterns, particularly the "relay" behavior on Agents 23, 7 and 15, strongly suggest role differentiation. These agents might be acting as information hubs or intermediaries, facilitating communication between other agents, indicating specialization within the system.

3. **Language & Symbol Usage:** The limited vocabulary (11/64 symbols) suggests a nascent language with potential for abstraction and combinatorial meaning. The consistently used top symbols likely carry core concepts or frequently referenced elements within their communication framework. 

4. **Information Flow:**  The attention patterns indicate that information isn't flowing randomly; specific agents are being actively sought out by others. This relay-like behavior suggests a directed flow of information, potentially indicating a hierarchical or decentralized routing mechanism has emerged within the agent network.




==================================================

LLM successfully interpreted emergent patterns!

============================================================

============================================================
TRAINING RUN ANALYSIS
============================================================
Run ID: 20251227_225053
Duration: 3.3 minutes
Episodes: 300

--- Hyperparameters ---
  num_agents: 24
  world_dim: 10
  obs_dim: 4
  msg_dim: 2
  hidden_dim: 64
  vocab_size: 16
  batch_size: 512
  learning_rate: 0.0003
  entropy_start: 0.01
  entropy_decay: 1500
  comm_cost_end: 0.1
  comm_cost_ramp: 3000
  timesteps: 9
  topology: knearest
  k_start: 8
  k_end: 2
  selection_interval: 20

--- Loss Trajectory ---
Traceback (most recent call last):
  File 
"C:\repo\agent\LLM-agents\main.py", 
line 403, in <module>
    analyze_run()
  File "C:\repo\agent\LLM-agents\logg
er.py", line 98, in analyze_run
    avg_pred_start = 
np.mean([e["pred_loss"] for e in 
first_10])
  File "C:\Users\pscho\AppData\Local\
Programs\Python\Python310\lib\encodin
gs\cp1252.py", line 19, in encode
    return codecs.charmap_encode(inpu
t,self.errors,encoding_table)[0]
UnicodeEncodeError: 'charmap' codec 
can't encode character '\u2192' in 
position 22: character maps to 
<undefined>
